Component: ARM Compiler 5.06 update 6 (build 750) Tool: armlink [4d35ed]

==============================================================================

Section Cross References

    startup_stm32f407xx.o(RESET) refers to startup_stm32f407xx.o(STACK) for __initial_sp
    startup_stm32f407xx.o(RESET) refers to startup_stm32f407xx.o(.text) for Reset_Handler
    startup_stm32f407xx.o(RESET) refers to stm32f4xx_it.o(i.NMI_Handler) for NMI_Handler
    startup_stm32f407xx.o(RESET) refers to stm32f4xx_it.o(i.HardFault_Handler) for HardFault_Handler
    startup_stm32f407xx.o(RESET) refers to stm32f4xx_it.o(i.MemManage_Handler) for MemManage_Handler
    startup_stm32f407xx.o(RESET) refers to stm32f4xx_it.o(i.BusFault_Handler) for BusFault_Handler
    startup_stm32f407xx.o(RESET) refers to stm32f4xx_it.o(i.UsageFault_Handler) for UsageFault_Handler
    startup_stm32f407xx.o(RESET) refers to stm32f4xx_it.o(i.SVC_Handler) for SVC_Handler
    startup_stm32f407xx.o(RESET) refers to stm32f4xx_it.o(i.DebugMon_Handler) for DebugMon_Handler
    startup_stm32f407xx.o(RESET) refers to stm32f4xx_it.o(i.PendSV_Handler) for PendSV_Handler
    startup_stm32f407xx.o(RESET) refers to stm32f4xx_it.o(i.SysTick_Handler) for SysTick_Handler
    startup_stm32f407xx.o(RESET) refers to stm32f4xx_it.o(i.TIM8_TRG_COM_TIM14_IRQHandler) for TIM8_TRG_COM_TIM14_IRQHandler
    startup_stm32f407xx.o(.text) refers to system_stm32f4xx.o(i.SystemInit) for SystemInit
    startup_stm32f407xx.o(.text) refers to entry.o(.ARM.Collect$$$$00000000) for __main
    main.o(i.SystemClock_Config) refers to stm32f4xx_ll_utils.o(i.LL_Init1msTick) for LL_Init1msTick
    main.o(i.SystemClock_Config) refers to stm32f4xx_ll_utils.o(i.LL_SetSystemCoreClock) for LL_SetSystemCoreClock
    main.o(i.main) refers to main.o(i.SystemClock_Config) for SystemClock_Config
    main.o(i.main) refers to gpio.o(i.MX_GPIO_Init) for MX_GPIO_Init
    main.o(i.main) refers to tim.o(i.MX_TIM14_Init) for MX_TIM14_Init
    main.o(i.main) refers to stm32f4xx_ll_utils.o(i.LL_mDelay) for LL_mDelay
    main.o(i.main) refers to main.o(.data) for .data
    gpio.o(i.MX_GPIO_Init) refers to memseta.o(.text) for __aeabi_memclr4
    gpio.o(i.MX_GPIO_Init) refers to gpio.o(i.LL_AHB1_GRP1_EnableClock) for LL_AHB1_GRP1_EnableClock
    gpio.o(i.MX_GPIO_Init) refers to stm32f4xx_ll_gpio.o(i.LL_GPIO_Init) for LL_GPIO_Init
    tim.o(i.MX_TIM14_Init) refers to memseta.o(.text) for __aeabi_memclr4
    tim.o(i.MX_TIM14_Init) refers to stm32f4xx_ll_tim.o(i.LL_TIM_Init) for LL_TIM_Init
    tim.o(i.MX_TIM14_Init) refers to stm32f4xx_ll_tim.o(i.LL_TIM_OC_Init) for LL_TIM_OC_Init
    tim.o(i.MX_TIM14_Init) refers to stm32f4xx_ll_gpio.o(i.LL_GPIO_Init) for LL_GPIO_Init
    tim.o(i.MX_TIM14_Init) refers to tim.o(.constdata) for .constdata
    stm32f4xx_ll_gpio.o(i.LL_GPIO_DeInit) refers to stm32f4xx_ll_gpio.o(i.LL_AHB1_GRP1_ForceReset) for LL_AHB1_GRP1_ForceReset
    stm32f4xx_ll_gpio.o(i.LL_GPIO_DeInit) refers to stm32f4xx_ll_gpio.o(i.LL_AHB1_GRP1_ReleaseReset) for LL_AHB1_GRP1_ReleaseReset
    stm32f4xx_ll_tim.o(i.LL_TIM_DeInit) refers to stm32f4xx_ll_tim.o(i.LL_APB2_GRP1_ForceReset) for LL_APB2_GRP1_ForceReset
    stm32f4xx_ll_tim.o(i.LL_TIM_DeInit) refers to stm32f4xx_ll_tim.o(i.LL_APB1_GRP1_ForceReset) for LL_APB1_GRP1_ForceReset
    stm32f4xx_ll_tim.o(i.LL_TIM_DeInit) refers to stm32f4xx_ll_tim.o(i.LL_APB2_GRP1_ReleaseReset) for LL_APB2_GRP1_ReleaseReset
    stm32f4xx_ll_tim.o(i.LL_TIM_DeInit) refers to stm32f4xx_ll_tim.o(i.LL_APB1_GRP1_ReleaseReset) for LL_APB1_GRP1_ReleaseReset
    stm32f4xx_ll_rcc.o(i.LL_RCC_DeInit) refers to stm32f4xx_ll_rcc.o(i.LL_RCC_PLL_IsReady) for LL_RCC_PLL_IsReady
    stm32f4xx_ll_rcc.o(i.LL_RCC_GetI2SClockFreq) refers to stm32f4xx_ll_rcc.o(i.RCC_PLLI2S_GetFreqDomain_I2S) for RCC_PLLI2S_GetFreqDomain_I2S
    stm32f4xx_ll_rcc.o(i.LL_RCC_GetRNGClockFreq) refers to stm32f4xx_ll_rcc.o(i.LL_RCC_PLL_IsReady) for LL_RCC_PLL_IsReady
    stm32f4xx_ll_rcc.o(i.LL_RCC_GetRNGClockFreq) refers to stm32f4xx_ll_rcc.o(i.RCC_PLL_GetFreqDomain_48M) for RCC_PLL_GetFreqDomain_48M
    stm32f4xx_ll_rcc.o(i.LL_RCC_GetSDIOClockFreq) refers to stm32f4xx_ll_rcc.o(i.LL_RCC_PLL_IsReady) for LL_RCC_PLL_IsReady
    stm32f4xx_ll_rcc.o(i.LL_RCC_GetSDIOClockFreq) refers to stm32f4xx_ll_rcc.o(i.RCC_PLL_GetFreqDomain_48M) for RCC_PLL_GetFreqDomain_48M
    stm32f4xx_ll_rcc.o(i.LL_RCC_GetSystemClocksFreq) refers to stm32f4xx_ll_rcc.o(i.RCC_GetSystemClockFreq) for RCC_GetSystemClockFreq
    stm32f4xx_ll_rcc.o(i.LL_RCC_GetSystemClocksFreq) refers to stm32f4xx_ll_rcc.o(i.RCC_GetHCLKClockFreq) for RCC_GetHCLKClockFreq
    stm32f4xx_ll_rcc.o(i.LL_RCC_GetSystemClocksFreq) refers to stm32f4xx_ll_rcc.o(i.RCC_GetPCLK1ClockFreq) for RCC_GetPCLK1ClockFreq
    stm32f4xx_ll_rcc.o(i.LL_RCC_GetSystemClocksFreq) refers to stm32f4xx_ll_rcc.o(i.RCC_GetPCLK2ClockFreq) for RCC_GetPCLK2ClockFreq
    stm32f4xx_ll_rcc.o(i.LL_RCC_GetUSBClockFreq) refers to stm32f4xx_ll_rcc.o(i.LL_RCC_PLL_IsReady) for LL_RCC_PLL_IsReady
    stm32f4xx_ll_rcc.o(i.LL_RCC_GetUSBClockFreq) refers to stm32f4xx_ll_rcc.o(i.RCC_PLL_GetFreqDomain_48M) for RCC_PLL_GetFreqDomain_48M
    stm32f4xx_ll_rcc.o(i.RCC_GetHCLKClockFreq) refers to system_stm32f4xx.o(.constdata) for AHBPrescTable
    stm32f4xx_ll_rcc.o(i.RCC_GetPCLK1ClockFreq) refers to system_stm32f4xx.o(.constdata) for APBPrescTable
    stm32f4xx_ll_rcc.o(i.RCC_GetPCLK2ClockFreq) refers to system_stm32f4xx.o(.constdata) for APBPrescTable
    stm32f4xx_ll_rcc.o(i.RCC_GetSystemClockFreq) refers to stm32f4xx_ll_rcc.o(i.RCC_PLL_GetFreqDomain_SYS) for RCC_PLL_GetFreqDomain_SYS
    stm32f4xx_ll_utils.o(i.LL_PLL_ConfigSystemClock_HSE) refers to stm32f4xx_ll_utils.o(i.UTILS_PLL_IsBusy) for UTILS_PLL_IsBusy
    stm32f4xx_ll_utils.o(i.LL_PLL_ConfigSystemClock_HSE) refers to stm32f4xx_ll_utils.o(i.UTILS_GetPLLOutputFrequency) for UTILS_GetPLLOutputFrequency
    stm32f4xx_ll_utils.o(i.LL_PLL_ConfigSystemClock_HSE) refers to stm32f4xx_ll_utils.o(i.LL_RCC_PLL_ConfigDomain_SYS) for LL_RCC_PLL_ConfigDomain_SYS
    stm32f4xx_ll_utils.o(i.LL_PLL_ConfigSystemClock_HSE) refers to stm32f4xx_ll_utils.o(i.UTILS_EnablePLLAndSwitchSystem) for UTILS_EnablePLLAndSwitchSystem
    stm32f4xx_ll_utils.o(i.LL_PLL_ConfigSystemClock_HSI) refers to stm32f4xx_ll_utils.o(i.UTILS_PLL_IsBusy) for UTILS_PLL_IsBusy
    stm32f4xx_ll_utils.o(i.LL_PLL_ConfigSystemClock_HSI) refers to stm32f4xx_ll_utils.o(i.UTILS_GetPLLOutputFrequency) for UTILS_GetPLLOutputFrequency
    stm32f4xx_ll_utils.o(i.LL_PLL_ConfigSystemClock_HSI) refers to stm32f4xx_ll_utils.o(i.LL_RCC_PLL_ConfigDomain_SYS) for LL_RCC_PLL_ConfigDomain_SYS
    stm32f4xx_ll_utils.o(i.LL_PLL_ConfigSystemClock_HSI) refers to stm32f4xx_ll_utils.o(i.UTILS_EnablePLLAndSwitchSystem) for UTILS_EnablePLLAndSwitchSystem
    stm32f4xx_ll_utils.o(i.LL_SetSystemCoreClock) refers to system_stm32f4xx.o(.data) for SystemCoreClock
    stm32f4xx_ll_utils.o(i.UTILS_EnablePLLAndSwitchSystem) refers to stm32f4xx_ll_utils.o(i.UTILS_SetFlashLatency) for UTILS_SetFlashLatency
    stm32f4xx_ll_utils.o(i.UTILS_EnablePLLAndSwitchSystem) refers to system_stm32f4xx.o(.constdata) for AHBPrescTable
    stm32f4xx_ll_utils.o(i.UTILS_EnablePLLAndSwitchSystem) refers to system_stm32f4xx.o(.data) for SystemCoreClock
    system_stm32f4xx.o(i.SystemCoreClockUpdate) refers to system_stm32f4xx.o(.data) for .data
    system_stm32f4xx.o(i.SystemCoreClockUpdate) refers to system_stm32f4xx.o(.constdata) for .constdata
    entry.o(.ARM.Collect$$$$00000000) refers (Special) to entry10a.o(.ARM.Collect$$$$0000000D) for __rt_final_cpp
    entry.o(.ARM.Collect$$$$00000000) refers (Special) to entry11a.o(.ARM.Collect$$$$0000000F) for __rt_final_exit
    entry.o(.ARM.Collect$$$$00000000) refers (Special) to entry7b.o(.ARM.Collect$$$$00000008) for _main_clock
    entry.o(.ARM.Collect$$$$00000000) refers (Special) to entry8b.o(.ARM.Collect$$$$0000000A) for _main_cpp_init
    entry.o(.ARM.Collect$$$$00000000) refers (Special) to entry9a.o(.ARM.Collect$$$$0000000B) for _main_init
    entry.o(.ARM.Collect$$$$00000000) refers (Special) to entry5.o(.ARM.Collect$$$$00000004) for _main_scatterload
    entry.o(.ARM.Collect$$$$00000000) refers (Special) to entry2.o(.ARM.Collect$$$$00000001) for _main_stk
    entry2.o(.ARM.Collect$$$$00000001) refers to entry2.o(.ARM.Collect$$$$00002712) for __lit__00000000
    entry2.o(.ARM.Collect$$$$00002712) refers to startup_stm32f407xx.o(STACK) for __initial_sp
    entry2.o(__vectab_stack_and_reset_area) refers to startup_stm32f407xx.o(STACK) for __initial_sp
    entry2.o(__vectab_stack_and_reset_area) refers to entry.o(.ARM.Collect$$$$00000000) for __main
    entry5.o(.ARM.Collect$$$$00000004) refers to init.o(.text) for __scatterload
    entry9a.o(.ARM.Collect$$$$0000000B) refers to main.o(i.main) for main
    entry9b.o(.ARM.Collect$$$$0000000C) refers to main.o(i.main) for main
    init.o(.text) refers to entry5.o(.ARM.Collect$$$$00000004) for __main_after_scatterload


==============================================================================

Removing Unused input sections from the image.

    Removing startup_stm32f407xx.o(HEAP), (512 bytes).
    Removing main.o(.rev16_text), (4 bytes).
    Removing main.o(.revsh_text), (4 bytes).
    Removing main.o(.rrx_text), (6 bytes).
    Removing main.o(i.Error_Handler), (2 bytes).
    Removing gpio.o(.rev16_text), (4 bytes).
    Removing gpio.o(.revsh_text), (4 bytes).
    Removing gpio.o(.rrx_text), (6 bytes).
    Removing sys.o(.rev16_text), (4 bytes).
    Removing sys.o(.revsh_text), (4 bytes).
    Removing sys.o(.rrx_text), (6 bytes).
    Removing sys.o(i.MX_SYS_Init), (48 bytes).
    Removing tim.o(.rev16_text), (4 bytes).
    Removing tim.o(.revsh_text), (4 bytes).
    Removing tim.o(.rrx_text), (6 bytes).
    Removing stm32f4xx_it.o(.rev16_text), (4 bytes).
    Removing stm32f4xx_it.o(.revsh_text), (4 bytes).
    Removing stm32f4xx_it.o(.rrx_text), (6 bytes).
    Removing stm32f4xx_ll_gpio.o(.rev16_text), (4 bytes).
    Removing stm32f4xx_ll_gpio.o(.revsh_text), (4 bytes).
    Removing stm32f4xx_ll_gpio.o(.rrx_text), (6 bytes).
    Removing stm32f4xx_ll_gpio.o(i.LL_AHB1_GRP1_ForceReset), (16 bytes).
    Removing stm32f4xx_ll_gpio.o(i.LL_AHB1_GRP1_ReleaseReset), (16 bytes).
    Removing stm32f4xx_ll_gpio.o(i.LL_GPIO_DeInit), (196 bytes).
    Removing stm32f4xx_ll_gpio.o(i.LL_GPIO_StructInit), (22 bytes).
    Removing stm32f4xx_ll_tim.o(.rev16_text), (4 bytes).
    Removing stm32f4xx_ll_tim.o(.revsh_text), (4 bytes).
    Removing stm32f4xx_ll_tim.o(.rrx_text), (6 bytes).
    Removing stm32f4xx_ll_tim.o(i.LL_APB1_GRP1_ForceReset), (16 bytes).
    Removing stm32f4xx_ll_tim.o(i.LL_APB1_GRP1_ReleaseReset), (16 bytes).
    Removing stm32f4xx_ll_tim.o(i.LL_APB2_GRP1_ForceReset), (16 bytes).
    Removing stm32f4xx_ll_tim.o(i.LL_APB2_GRP1_ReleaseReset), (16 bytes).
    Removing stm32f4xx_ll_tim.o(i.LL_TIM_BDTR_Init), (58 bytes).
    Removing stm32f4xx_ll_tim.o(i.LL_TIM_BDTR_StructInit), (18 bytes).
    Removing stm32f4xx_ll_tim.o(i.LL_TIM_DeInit), (292 bytes).
    Removing stm32f4xx_ll_tim.o(i.LL_TIM_ENCODER_Init), (96 bytes).
    Removing stm32f4xx_ll_tim.o(i.LL_TIM_ENCODER_StructInit), (28 bytes).
    Removing stm32f4xx_ll_tim.o(i.LL_TIM_HALLSENSOR_Init), (86 bytes).
    Removing stm32f4xx_ll_tim.o(i.LL_TIM_HALLSENSOR_StructInit), (12 bytes).
    Removing stm32f4xx_ll_tim.o(i.LL_TIM_IC_Init), (224 bytes).
    Removing stm32f4xx_ll_tim.o(i.LL_TIM_IC_StructInit), (16 bytes).
    Removing stm32f4xx_ll_tim.o(i.LL_TIM_OC_StructInit), (20 bytes).
    Removing stm32f4xx_ll_tim.o(i.LL_TIM_StructInit), (16 bytes).
    Removing stm32f4xx_ll_rcc.o(.rev16_text), (4 bytes).
    Removing stm32f4xx_ll_rcc.o(.revsh_text), (4 bytes).
    Removing stm32f4xx_ll_rcc.o(.rrx_text), (6 bytes).
    Removing stm32f4xx_ll_rcc.o(i.LL_RCC_DeInit), (156 bytes).
    Removing stm32f4xx_ll_rcc.o(i.LL_RCC_GetI2SClockFreq), (52 bytes).
    Removing stm32f4xx_ll_rcc.o(i.LL_RCC_GetRNGClockFreq), (20 bytes).
    Removing stm32f4xx_ll_rcc.o(i.LL_RCC_GetSDIOClockFreq), (26 bytes).
    Removing stm32f4xx_ll_rcc.o(i.LL_RCC_GetSystemClocksFreq), (32 bytes).
    Removing stm32f4xx_ll_rcc.o(i.LL_RCC_GetUSBClockFreq), (20 bytes).
    Removing stm32f4xx_ll_rcc.o(i.LL_RCC_PLL_IsReady), (16 bytes).
    Removing stm32f4xx_ll_rcc.o(i.RCC_GetHCLKClockFreq), (28 bytes).
    Removing stm32f4xx_ll_rcc.o(i.RCC_GetPCLK1ClockFreq), (28 bytes).
    Removing stm32f4xx_ll_rcc.o(i.RCC_GetPCLK2ClockFreq), (28 bytes).
    Removing stm32f4xx_ll_rcc.o(i.RCC_GetSystemClockFreq), (44 bytes).
    Removing stm32f4xx_ll_rcc.o(i.RCC_PLLI2S_GetFreqDomain_I2S), (68 bytes).
    Removing stm32f4xx_ll_rcc.o(i.RCC_PLL_GetFreqDomain_48M), (60 bytes).
    Removing stm32f4xx_ll_rcc.o(i.RCC_PLL_GetFreqDomain_SYS), (76 bytes).
    Removing stm32f4xx_ll_utils.o(.rev16_text), (4 bytes).
    Removing stm32f4xx_ll_utils.o(.revsh_text), (4 bytes).
    Removing stm32f4xx_ll_utils.o(.rrx_text), (6 bytes).
    Removing stm32f4xx_ll_utils.o(i.LL_PLL_ConfigSystemClock_HSE), (108 bytes).
    Removing stm32f4xx_ll_utils.o(i.LL_PLL_ConfigSystemClock_HSI), (84 bytes).
    Removing stm32f4xx_ll_utils.o(i.LL_RCC_PLL_ConfigDomain_SYS), (40 bytes).
    Removing stm32f4xx_ll_utils.o(i.UTILS_EnablePLLAndSwitchSystem), (152 bytes).
    Removing stm32f4xx_ll_utils.o(i.UTILS_GetPLLOutputFrequency), (32 bytes).
    Removing stm32f4xx_ll_utils.o(i.UTILS_PLL_IsBusy), (32 bytes).
    Removing stm32f4xx_ll_utils.o(i.UTILS_SetFlashLatency), (180 bytes).
    Removing stm32f4xx_ll_exti.o(.rev16_text), (4 bytes).
    Removing stm32f4xx_ll_exti.o(.revsh_text), (4 bytes).
    Removing stm32f4xx_ll_exti.o(.rrx_text), (6 bytes).
    Removing stm32f4xx_ll_exti.o(i.LL_EXTI_DeInit), (40 bytes).
    Removing stm32f4xx_ll_exti.o(i.LL_EXTI_Init), (160 bytes).
    Removing stm32f4xx_ll_exti.o(i.LL_EXTI_StructInit), (14 bytes).
    Removing system_stm32f4xx.o(.rev16_text), (4 bytes).
    Removing system_stm32f4xx.o(.revsh_text), (4 bytes).
    Removing system_stm32f4xx.o(.rrx_text), (6 bytes).
    Removing system_stm32f4xx.o(i.SystemCoreClockUpdate), (120 bytes).
    Removing system_stm32f4xx.o(.constdata), (16 bytes).
    Removing system_stm32f4xx.o(.constdata), (8 bytes).

82 unused section(s) (total 3536 bytes) removed from the image.

==============================================================================

Image Symbol Table

    Local Symbols

    Symbol Name                              Value     Ov Type        Size  Object(Section)

    ../Drivers/STM32F4xx_HAL_Driver/Src/stm32f4xx_ll_exti.c 0x00000000   Number         0  stm32f4xx_ll_exti.o ABSOLUTE
    ../Drivers/STM32F4xx_HAL_Driver/Src/stm32f4xx_ll_gpio.c 0x00000000   Number         0  stm32f4xx_ll_gpio.o ABSOLUTE
    ../Drivers/STM32F4xx_HAL_Driver/Src/stm32f4xx_ll_rcc.c 0x00000000   Number         0  stm32f4xx_ll_rcc.o ABSOLUTE
    ../Drivers/STM32F4xx_HAL_Driver/Src/stm32f4xx_ll_tim.c 0x00000000   Number         0  stm32f4xx_ll_tim.o ABSOLUTE
    ../Drivers/STM32F4xx_HAL_Driver/Src/stm32f4xx_ll_utils.c 0x00000000   Number         0  stm32f4xx_ll_utils.o ABSOLUTE
    ../Src/gpio.c                            0x00000000   Number         0  gpio.o ABSOLUTE
    ../Src/main.c                            0x00000000   Number         0  main.o ABSOLUTE
    ../Src/stm32f4xx_it.c                    0x00000000   Number         0  stm32f4xx_it.o ABSOLUTE
    ../Src/sys.c                             0x00000000   Number         0  sys.o ABSOLUTE
    ../Src/system_stm32f4xx.c                0x00000000   Number         0  system_stm32f4xx.o ABSOLUTE
    ../Src/tim.c                             0x00000000   Number         0  tim.o ABSOLUTE
    ../clib/microlib/init/entry.s            0x00000000   Number         0  entry10b.o ABSOLUTE
    ../clib/microlib/init/entry.s            0x00000000   Number         0  entry10a.o ABSOLUTE
    ../clib/microlib/init/entry.s            0x00000000   Number         0  entry9b.o ABSOLUTE
    ../clib/microlib/init/entry.s            0x00000000   Number         0  entry9a.o ABSOLUTE
    ../clib/microlib/init/entry.s            0x00000000   Number         0  entry8b.o ABSOLUTE
    ../clib/microlib/init/entry.s            0x00000000   Number         0  entry8a.o ABSOLUTE
    ../clib/microlib/init/entry.s            0x00000000   Number         0  entry.o ABSOLUTE
    ../clib/microlib/init/entry.s            0x00000000   Number         0  entry2.o ABSOLUTE
    ../clib/microlib/init/entry.s            0x00000000   Number         0  entry7b.o ABSOLUTE
    ../clib/microlib/init/entry.s            0x00000000   Number         0  entry7a.o ABSOLUTE
    ../clib/microlib/init/entry.s            0x00000000   Number         0  entry5.o ABSOLUTE
    ../clib/microlib/init/entry.s            0x00000000   Number         0  entry11a.o ABSOLUTE
    ../clib/microlib/init/entry.s            0x00000000   Number         0  entry11b.o ABSOLUTE
    ../clib/microlib/string/memset.c         0x00000000   Number         0  memseta.o ABSOLUTE
    ..\Drivers\STM32F4xx_HAL_Driver\Src\stm32f4xx_ll_exti.c 0x00000000   Number         0  stm32f4xx_ll_exti.o ABSOLUTE
    ..\Drivers\STM32F4xx_HAL_Driver\Src\stm32f4xx_ll_gpio.c 0x00000000   Number         0  stm32f4xx_ll_gpio.o ABSOLUTE
    ..\Drivers\STM32F4xx_HAL_Driver\Src\stm32f4xx_ll_rcc.c 0x00000000   Number         0  stm32f4xx_ll_rcc.o ABSOLUTE
    ..\Drivers\STM32F4xx_HAL_Driver\Src\stm32f4xx_ll_tim.c 0x00000000   Number         0  stm32f4xx_ll_tim.o ABSOLUTE
    ..\Drivers\STM32F4xx_HAL_Driver\Src\stm32f4xx_ll_utils.c 0x00000000   Number         0  stm32f4xx_ll_utils.o ABSOLUTE
    ..\Src\gpio.c                            0x00000000   Number         0  gpio.o ABSOLUTE
    ..\Src\main.c                            0x00000000   Number         0  main.o ABSOLUTE
    ..\Src\stm32f4xx_it.c                    0x00000000   Number         0  stm32f4xx_it.o ABSOLUTE
    ..\Src\sys.c                             0x00000000   Number         0  sys.o ABSOLUTE
    ..\Src\system_stm32f4xx.c                0x00000000   Number         0  system_stm32f4xx.o ABSOLUTE
    ..\Src\tim.c                             0x00000000   Number         0  tim.o ABSOLUTE
    dc.s                                     0x00000000   Number         0  dc.o ABSOLUTE
    handlers.s                               0x00000000   Number         0  handlers.o ABSOLUTE
    init.s                                   0x00000000   Number         0  init.o ABSOLUTE
    startup_stm32f407xx.s                    0x00000000   Number         0  startup_stm32f407xx.o ABSOLUTE
    RESET                                    0x08000000   Section      392  startup_stm32f407xx.o(RESET)
    .ARM.Collect$$$$00000000                 0x08000188   Section        0  entry.o(.ARM.Collect$$$$00000000)
    .ARM.Collect$$$$00000001                 0x08000188   Section        4  entry2.o(.ARM.Collect$$$$00000001)
    .ARM.Collect$$$$00000004                 0x0800018c   Section        4  entry5.o(.ARM.Collect$$$$00000004)
    .ARM.Collect$$$$00000008                 0x08000190   Section        0  entry7b.o(.ARM.Collect$$$$00000008)
    .ARM.Collect$$$$0000000A                 0x08000190   Section        0  entry8b.o(.ARM.Collect$$$$0000000A)
    .ARM.Collect$$$$0000000B                 0x08000190   Section        8  entry9a.o(.ARM.Collect$$$$0000000B)
    .ARM.Collect$$$$0000000D                 0x08000198   Section        0  entry10a.o(.ARM.Collect$$$$0000000D)
    .ARM.Collect$$$$0000000F                 0x08000198   Section        0  entry11a.o(.ARM.Collect$$$$0000000F)
    .ARM.Collect$$$$00002712                 0x08000198   Section        4  entry2.o(.ARM.Collect$$$$00002712)
    __lit__00000000                          0x08000198   Data           4  entry2.o(.ARM.Collect$$$$00002712)
    .text                                    0x0800019c   Section       36  startup_stm32f407xx.o(.text)
    $v0                                      0x0800019c   Number         0  startup_stm32f407xx.o(.text)
    .text                                    0x080001c0   Section        0  memseta.o(.text)
    .text                                    0x080001e4   Section       36  init.o(.text)
    i.BusFault_Handler                       0x08000208   Section        0  stm32f4xx_it.o(i.BusFault_Handler)
    i.DebugMon_Handler                       0x0800020a   Section        0  stm32f4xx_it.o(i.DebugMon_Handler)
    i.HardFault_Handler                      0x0800020c   Section        0  stm32f4xx_it.o(i.HardFault_Handler)
    i.LL_AHB1_GRP1_EnableClock               0x08000210   Section        0  gpio.o(i.LL_AHB1_GRP1_EnableClock)
    LL_AHB1_GRP1_EnableClock                 0x08000211   Thumb Code    18  gpio.o(i.LL_AHB1_GRP1_EnableClock)
    i.LL_GPIO_Init                           0x08000228   Section        0  stm32f4xx_ll_gpio.o(i.LL_GPIO_Init)
    i.LL_Init1msTick                         0x08000378   Section        0  stm32f4xx_ll_utils.o(i.LL_Init1msTick)
    i.LL_SetSystemCoreClock                  0x08000394   Section        0  stm32f4xx_ll_utils.o(i.LL_SetSystemCoreClock)
    i.LL_TIM_Init                            0x080003a0   Section        0  stm32f4xx_ll_tim.o(i.LL_TIM_Init)
    i.LL_TIM_OC_Init                         0x08000468   Section        0  stm32f4xx_ll_tim.o(i.LL_TIM_OC_Init)
    i.LL_mDelay                              0x08000630   Section        0  stm32f4xx_ll_utils.o(i.LL_mDelay)
    i.MX_GPIO_Init                           0x08000650   Section        0  gpio.o(i.MX_GPIO_Init)
    i.MX_TIM14_Init                          0x08000690   Section        0  tim.o(i.MX_TIM14_Init)
    i.MemManage_Handler                      0x080007a0   Section        0  stm32f4xx_it.o(i.MemManage_Handler)
    i.NMI_Handler                            0x080007a2   Section        0  stm32f4xx_it.o(i.NMI_Handler)
    i.PendSV_Handler                         0x080007a4   Section        0  stm32f4xx_it.o(i.PendSV_Handler)
    i.SVC_Handler                            0x080007a6   Section        0  stm32f4xx_it.o(i.SVC_Handler)
    i.SysTick_Handler                        0x080007a8   Section        0  stm32f4xx_it.o(i.SysTick_Handler)
    i.SystemClock_Config                     0x080007ac   Section        0  main.o(i.SystemClock_Config)
    i.SystemInit                             0x08000880   Section        0  system_stm32f4xx.o(i.SystemInit)
    i.TIM8_TRG_COM_TIM14_IRQHandler          0x0800089c   Section        0  stm32f4xx_it.o(i.TIM8_TRG_COM_TIM14_IRQHandler)
    i.UsageFault_Handler                     0x0800089e   Section        0  stm32f4xx_it.o(i.UsageFault_Handler)
    i.__scatterload_copy                     0x080008a0   Section       14  handlers.o(i.__scatterload_copy)
    i.__scatterload_null                     0x080008ae   Section        2  handlers.o(i.__scatterload_null)
    i.__scatterload_zeroinit                 0x080008b0   Section       14  handlers.o(i.__scatterload_zeroinit)
    i.main                                   0x080008c0   Section        0  main.o(i.main)
    .constdata                               0x08000960   Section       14  tim.o(.constdata)
    OFFSET_TAB_CCMRx                         0x08000960   Data           7  tim.o(.constdata)
    SHIFT_TAB_OCxx                           0x08000967   Data           7  tim.o(.constdata)
    .data                                    0x20000000   Section        8  main.o(.data)
    .data                                    0x20000008   Section        4  system_stm32f4xx.o(.data)
    STACK                                    0x20000010   Section     1024  startup_stm32f407xx.o(STACK)

    Global Symbols

    Symbol Name                              Value     Ov Type        Size  Object(Section)

    BuildAttributes$$THM_ISAv4$E$P$D$K$B$S$7EM$VFPi3$EXTD16$VFPS$VFMA$PE$A:L22UL41UL21$X:L11$S22US41US21$IEEE1$IW$USESV6$~STKCKD$USESV7$~SHL$OSPACE$EBA8$MICROLIB$REQ8$PRES8$EABIv2 0x00000000   Number         0  anon$$obj.o ABSOLUTE
    __ARM_use_no_argv                        0x00000000   Number         0  main.o ABSOLUTE
    __cpp_initialize__aeabi_                  - Undefined Weak Reference
    __cxa_finalize                            - Undefined Weak Reference
    __decompress                              - Undefined Weak Reference
    _clock_init                               - Undefined Weak Reference
    _microlib_exit                            - Undefined Weak Reference
    __Vectors_Size                           0x00000188   Number         0  startup_stm32f407xx.o ABSOLUTE
    __Vectors                                0x08000000   Data           4  startup_stm32f407xx.o(RESET)
    __Vectors_End                            0x08000188   Data           0  startup_stm32f407xx.o(RESET)
    __main                                   0x08000189   Thumb Code     0  entry.o(.ARM.Collect$$$$00000000)
    _main_stk                                0x08000189   Thumb Code     0  entry2.o(.ARM.Collect$$$$00000001)
    _main_scatterload                        0x0800018d   Thumb Code     0  entry5.o(.ARM.Collect$$$$00000004)
    __main_after_scatterload                 0x08000191   Thumb Code     0  entry5.o(.ARM.Collect$$$$00000004)
    _main_clock                              0x08000191   Thumb Code     0  entry7b.o(.ARM.Collect$$$$00000008)
    _main_cpp_init                           0x08000191   Thumb Code     0  entry8b.o(.ARM.Collect$$$$0000000A)
    _main_init                               0x08000191   Thumb Code     0  entry9a.o(.ARM.Collect$$$$0000000B)
    __rt_final_cpp                           0x08000199   Thumb Code     0  entry10a.o(.ARM.Collect$$$$0000000D)
    __rt_final_exit                          0x08000199   Thumb Code     0  entry11a.o(.ARM.Collect$$$$0000000F)
    Reset_Handler                            0x0800019d   Thumb Code     8  startup_stm32f407xx.o(.text)
    ADC_IRQHandler                           0x080001b7   Thumb Code     0  startup_stm32f407xx.o(.text)
    CAN1_RX0_IRQHandler                      0x080001b7   Thumb Code     0  startup_stm32f407xx.o(.text)
    CAN1_RX1_IRQHandler                      0x080001b7   Thumb Code     0  startup_stm32f407xx.o(.text)
    CAN1_SCE_IRQHandler                      0x080001b7   Thumb Code     0  startup_stm32f407xx.o(.text)
    CAN1_TX_IRQHandler                       0x080001b7   Thumb Code     0  startup_stm32f407xx.o(.text)
    CAN2_RX0_IRQHandler                      0x080001b7   Thumb Code     0  startup_stm32f407xx.o(.text)
    CAN2_RX1_IRQHandler                      0x080001b7   Thumb Code     0  startup_stm32f407xx.o(.text)
    CAN2_SCE_IRQHandler                      0x080001b7   Thumb Code     0  startup_stm32f407xx.o(.text)
    CAN2_TX_IRQHandler                       0x080001b7   Thumb Code     0  startup_stm32f407xx.o(.text)
    DCMI_IRQHandler                          0x080001b7   Thumb Code     0  startup_stm32f407xx.o(.text)
    DMA1_Stream0_IRQHandler                  0x080001b7   Thumb Code     0  startup_stm32f407xx.o(.text)
    DMA1_Stream1_IRQHandler                  0x080001b7   Thumb Code     0  startup_stm32f407xx.o(.text)
    DMA1_Stream2_IRQHandler                  0x080001b7   Thumb Code     0  startup_stm32f407xx.o(.text)
    DMA1_Stream3_IRQHandler                  0x080001b7   Thumb Code     0  startup_stm32f407xx.o(.text)
    DMA1_Stream4_IRQHandler                  0x080001b7   Thumb Code     0  startup_stm32f407xx.o(.text)
    DMA1_Stream5_IRQHandler                  0x080001b7   Thumb Code     0  startup_stm32f407xx.o(.text)
    DMA1_Stream6_IRQHandler                  0x080001b7   Thumb Code     0  startup_stm32f407xx.o(.text)
    DMA1_Stream7_IRQHandler                  0x080001b7   Thumb Code     0  startup_stm32f407xx.o(.text)
    DMA2_Stream0_IRQHandler                  0x080001b7   Thumb Code     0  startup_stm32f407xx.o(.text)
    DMA2_Stream1_IRQHandler                  0x080001b7   Thumb Code     0  startup_stm32f407xx.o(.text)
    DMA2_Stream2_IRQHandler                  0x080001b7   Thumb Code     0  startup_stm32f407xx.o(.text)
    DMA2_Stream3_IRQHandler                  0x080001b7   Thumb Code     0  startup_stm32f407xx.o(.text)
    DMA2_Stream4_IRQHandler                  0x080001b7   Thumb Code     0  startup_stm32f407xx.o(.text)
    DMA2_Stream5_IRQHandler                  0x080001b7   Thumb Code     0  startup_stm32f407xx.o(.text)
    DMA2_Stream6_IRQHandler                  0x080001b7   Thumb Code     0  startup_stm32f407xx.o(.text)
    DMA2_Stream7_IRQHandler                  0x080001b7   Thumb Code     0  startup_stm32f407xx.o(.text)
    ETH_IRQHandler                           0x080001b7   Thumb Code     0  startup_stm32f407xx.o(.text)
    ETH_WKUP_IRQHandler                      0x080001b7   Thumb Code     0  startup_stm32f407xx.o(.text)
    EXTI0_IRQHandler                         0x080001b7   Thumb Code     0  startup_stm32f407xx.o(.text)
    EXTI15_10_IRQHandler                     0x080001b7   Thumb Code     0  startup_stm32f407xx.o(.text)
    EXTI1_IRQHandler                         0x080001b7   Thumb Code     0  startup_stm32f407xx.o(.text)
    EXTI2_IRQHandler                         0x080001b7   Thumb Code     0  startup_stm32f407xx.o(.text)
    EXTI3_IRQHandler                         0x080001b7   Thumb Code     0  startup_stm32f407xx.o(.text)
    EXTI4_IRQHandler                         0x080001b7   Thumb Code     0  startup_stm32f407xx.o(.text)
    EXTI9_5_IRQHandler                       0x080001b7   Thumb Code     0  startup_stm32f407xx.o(.text)
    FLASH_IRQHandler                         0x080001b7   Thumb Code     0  startup_stm32f407xx.o(.text)
    FMC_IRQHandler                           0x080001b7   Thumb Code     0  startup_stm32f407xx.o(.text)
    FPU_IRQHandler                           0x080001b7   Thumb Code     0  startup_stm32f407xx.o(.text)
    HASH_RNG_IRQHandler                      0x080001b7   Thumb Code     0  startup_stm32f407xx.o(.text)
    I2C1_ER_IRQHandler                       0x080001b7   Thumb Code     0  startup_stm32f407xx.o(.text)
    I2C1_EV_IRQHandler                       0x080001b7   Thumb Code     0  startup_stm32f407xx.o(.text)
    I2C2_ER_IRQHandler                       0x080001b7   Thumb Code     0  startup_stm32f407xx.o(.text)
    I2C2_EV_IRQHandler                       0x080001b7   Thumb Code     0  startup_stm32f407xx.o(.text)
    I2C3_ER_IRQHandler                       0x080001b7   Thumb Code     0  startup_stm32f407xx.o(.text)
    I2C3_EV_IRQHandler                       0x080001b7   Thumb Code     0  startup_stm32f407xx.o(.text)
    OTG_FS_IRQHandler                        0x080001b7   Thumb Code     0  startup_stm32f407xx.o(.text)
    OTG_FS_WKUP_IRQHandler                   0x080001b7   Thumb Code     0  startup_stm32f407xx.o(.text)
    OTG_HS_EP1_IN_IRQHandler                 0x080001b7   Thumb Code     0  startup_stm32f407xx.o(.text)
    OTG_HS_EP1_OUT_IRQHandler                0x080001b7   Thumb Code     0  startup_stm32f407xx.o(.text)
    OTG_HS_IRQHandler                        0x080001b7   Thumb Code     0  startup_stm32f407xx.o(.text)
    OTG_HS_WKUP_IRQHandler                   0x080001b7   Thumb Code     0  startup_stm32f407xx.o(.text)
    PVD_IRQHandler                           0x080001b7   Thumb Code     0  startup_stm32f407xx.o(.text)
    RCC_IRQHandler                           0x080001b7   Thumb Code     0  startup_stm32f407xx.o(.text)
    RTC_Alarm_IRQHandler                     0x080001b7   Thumb Code     0  startup_stm32f407xx.o(.text)
    RTC_WKUP_IRQHandler                      0x080001b7   Thumb Code     0  startup_stm32f407xx.o(.text)
    SDIO_IRQHandler                          0x080001b7   Thumb Code     0  startup_stm32f407xx.o(.text)
    SPI1_IRQHandler                          0x080001b7   Thumb Code     0  startup_stm32f407xx.o(.text)
    SPI2_IRQHandler                          0x080001b7   Thumb Code     0  startup_stm32f407xx.o(.text)
    SPI3_IRQHandler                          0x080001b7   Thumb Code     0  startup_stm32f407xx.o(.text)
    TAMP_STAMP_IRQHandler                    0x080001b7   Thumb Code     0  startup_stm32f407xx.o(.text)
    TIM1_BRK_TIM9_IRQHandler                 0x080001b7   Thumb Code     0  startup_stm32f407xx.o(.text)
    TIM1_CC_IRQHandler                       0x080001b7   Thumb Code     0  startup_stm32f407xx.o(.text)
    TIM1_TRG_COM_TIM11_IRQHandler            0x080001b7   Thumb Code     0  startup_stm32f407xx.o(.text)
    TIM1_UP_TIM10_IRQHandler                 0x080001b7   Thumb Code     0  startup_stm32f407xx.o(.text)
    TIM2_IRQHandler                          0x080001b7   Thumb Code     0  startup_stm32f407xx.o(.text)
    TIM3_IRQHandler                          0x080001b7   Thumb Code     0  startup_stm32f407xx.o(.text)
    TIM4_IRQHandler                          0x080001b7   Thumb Code     0  startup_stm32f407xx.o(.text)
    TIM5_IRQHandler                          0x080001b7   Thumb Code     0  startup_stm32f407xx.o(.text)
    TIM6_DAC_IRQHandler                      0x080001b7   Thumb Code     0  startup_stm32f407xx.o(.text)
    TIM7_IRQHandler                          0x080001b7   Thumb Code     0  startup_stm32f407xx.o(.text)
    TIM8_BRK_TIM12_IRQHandler                0x080001b7   Thumb Code     0  startup_stm32f407xx.o(.text)
    TIM8_CC_IRQHandler                       0x080001b7   Thumb Code     0  startup_stm32f407xx.o(.text)
    TIM8_UP_TIM13_IRQHandler                 0x080001b7   Thumb Code     0  startup_stm32f407xx.o(.text)
    UART4_IRQHandler                         0x080001b7   Thumb Code     0  startup_stm32f407xx.o(.text)
    UART5_IRQHandler                         0x080001b7   Thumb Code     0  startup_stm32f407xx.o(.text)
    USART1_IRQHandler                        0x080001b7   Thumb Code     0  startup_stm32f407xx.o(.text)
    USART2_IRQHandler                        0x080001b7   Thumb Code     0  startup_stm32f407xx.o(.text)
    USART3_IRQHandler                        0x080001b7   Thumb Code     0  startup_stm32f407xx.o(.text)
    USART6_IRQHandler                        0x080001b7   Thumb Code     0  startup_stm32f407xx.o(.text)
    WWDG_IRQHandler                          0x080001b7   Thumb Code     0  startup_stm32f407xx.o(.text)
    __aeabi_memset                           0x080001c1   Thumb Code    14  memseta.o(.text)
    __aeabi_memset4                          0x080001c1   Thumb Code     0  memseta.o(.text)
    __aeabi_memset8                          0x080001c1   Thumb Code     0  memseta.o(.text)
    __aeabi_memclr                           0x080001cf   Thumb Code     4  memseta.o(.text)
    __aeabi_memclr4                          0x080001cf   Thumb Code     0  memseta.o(.text)
    __aeabi_memclr8                          0x080001cf   Thumb Code     0  memseta.o(.text)
    _memset$wrapper                          0x080001d3   Thumb Code    18  memseta.o(.text)
    __scatterload                            0x080001e5   Thumb Code    28  init.o(.text)
    __scatterload_rt2                        0x080001e5   Thumb Code     0  init.o(.text)
    BusFault_Handler                         0x08000209   Thumb Code     2  stm32f4xx_it.o(i.BusFault_Handler)
    DebugMon_Handler                         0x0800020b   Thumb Code     2  stm32f4xx_it.o(i.DebugMon_Handler)
    HardFault_Handler                        0x0800020d   Thumb Code     2  stm32f4xx_it.o(i.HardFault_Handler)
    LL_GPIO_Init                             0x08000229   Thumb Code   336  stm32f4xx_ll_gpio.o(i.LL_GPIO_Init)
    LL_Init1msTick                           0x08000379   Thumb Code    26  stm32f4xx_ll_utils.o(i.LL_Init1msTick)
    LL_SetSystemCoreClock                    0x08000395   Thumb Code     6  stm32f4xx_ll_utils.o(i.LL_SetSystemCoreClock)
    LL_TIM_Init                              0x080003a1   Thumb Code   156  stm32f4xx_ll_tim.o(i.LL_TIM_Init)
    LL_TIM_OC_Init                           0x08000469   Thumb Code   446  stm32f4xx_ll_tim.o(i.LL_TIM_OC_Init)
    LL_mDelay                                0x08000631   Thumb Code    30  stm32f4xx_ll_utils.o(i.LL_mDelay)
    MX_GPIO_Init                             0x08000651   Thumb Code    58  gpio.o(i.MX_GPIO_Init)
    MX_TIM14_Init                            0x08000691   Thumb Code   248  tim.o(i.MX_TIM14_Init)
    MemManage_Handler                        0x080007a1   Thumb Code     2  stm32f4xx_it.o(i.MemManage_Handler)
    NMI_Handler                              0x080007a3   Thumb Code     2  stm32f4xx_it.o(i.NMI_Handler)
    PendSV_Handler                           0x080007a5   Thumb Code     2  stm32f4xx_it.o(i.PendSV_Handler)
    SVC_Handler                              0x080007a7   Thumb Code     2  stm32f4xx_it.o(i.SVC_Handler)
    SysTick_Handler                          0x080007a9   Thumb Code     2  stm32f4xx_it.o(i.SysTick_Handler)
    SystemClock_Config                       0x080007ad   Thumb Code   192  main.o(i.SystemClock_Config)
    SystemInit                               0x08000881   Thumb Code    22  system_stm32f4xx.o(i.SystemInit)
    TIM8_TRG_COM_TIM14_IRQHandler            0x0800089d   Thumb Code     2  stm32f4xx_it.o(i.TIM8_TRG_COM_TIM14_IRQHandler)
    UsageFault_Handler                       0x0800089f   Thumb Code     2  stm32f4xx_it.o(i.UsageFault_Handler)
    __scatterload_copy                       0x080008a1   Thumb Code    14  handlers.o(i.__scatterload_copy)
    __scatterload_null                       0x080008af   Thumb Code     2  handlers.o(i.__scatterload_null)
    __scatterload_zeroinit                   0x080008b1   Thumb Code    14  handlers.o(i.__scatterload_zeroinit)
    main                                     0x080008c1   Thumb Code   140  main.o(i.main)
    Region$$Table$$Base                      0x08000970   Number         0  anon$$obj.o(Region$$Table)
    Region$$Table$$Limit                     0x08000990   Number         0  anon$$obj.o(Region$$Table)
    dir                                      0x20000000   Data           1  main.o(.data)
    CompareValue                             0x20000004   Data           4  main.o(.data)
    SystemCoreClock                          0x20000008   Data           4  system_stm32f4xx.o(.data)
    __initial_sp                             0x20000410   Data           0  startup_stm32f407xx.o(STACK)



==============================================================================

Memory Map of the image

  Image Entry point : 0x08000189

  Load Region LR_IROM1 (Base: 0x08000000, Size: 0x0000099c, Max: 0x00100000, ABSOLUTE)

    Execution Region ER_IROM1 (Exec base: 0x08000000, Load base: 0x08000000, Size: 0x00000990, Max: 0x00100000, ABSOLUTE)

    Exec Addr    Load Addr    Size         Type   Attr      Idx    E Section Name        Object

    0x08000000   0x08000000   0x00000188   Data   RO            3    RESET               startup_stm32f407xx.o
    0x08000188   0x08000188   0x00000000   Code   RO          753  * .ARM.Collect$$$$00000000  mc_w.l(entry.o)
    0x08000188   0x08000188   0x00000004   Code   RO          758    .ARM.Collect$$$$00000001  mc_w.l(entry2.o)
    0x0800018c   0x0800018c   0x00000004   Code   RO          761    .ARM.Collect$$$$00000004  mc_w.l(entry5.o)
    0x08000190   0x08000190   0x00000000   Code   RO          763    .ARM.Collect$$$$00000008  mc_w.l(entry7b.o)
    0x08000190   0x08000190   0x00000000   Code   RO          765    .ARM.Collect$$$$0000000A  mc_w.l(entry8b.o)
    0x08000190   0x08000190   0x00000008   Code   RO          766    .ARM.Collect$$$$0000000B  mc_w.l(entry9a.o)
    0x08000198   0x08000198   0x00000000   Code   RO          768    .ARM.Collect$$$$0000000D  mc_w.l(entry10a.o)
    0x08000198   0x08000198   0x00000000   Code   RO          770    .ARM.Collect$$$$0000000F  mc_w.l(entry11a.o)
    0x08000198   0x08000198   0x00000004   Code   RO          759    .ARM.Collect$$$$00002712  mc_w.l(entry2.o)
    0x0800019c   0x0800019c   0x00000024   Code   RO            4    .text               startup_stm32f407xx.o
    0x080001c0   0x080001c0   0x00000024   Code   RO          756    .text               mc_w.l(memseta.o)
    0x080001e4   0x080001e4   0x00000024   Code   RO          772    .text               mc_w.l(init.o)
    0x08000208   0x08000208   0x00000002   Code   RO          238    i.BusFault_Handler  stm32f4xx_it.o
    0x0800020a   0x0800020a   0x00000002   Code   RO          239    i.DebugMon_Handler  stm32f4xx_it.o
    0x0800020c   0x0800020c   0x00000002   Code   RO          240    i.HardFault_Handler  stm32f4xx_it.o
    0x0800020e   0x0800020e   0x00000002   PAD
    0x08000210   0x08000210   0x00000018   Code   RO          121    i.LL_AHB1_GRP1_EnableClock  gpio.o
    0x08000228   0x08000228   0x00000150   Code   RO          325    i.LL_GPIO_Init      stm32f4xx_ll_gpio.o
    0x08000378   0x08000378   0x0000001a   Code   RO          597    i.LL_Init1msTick    stm32f4xx_ll_utils.o
    0x08000392   0x08000392   0x00000002   PAD
    0x08000394   0x08000394   0x0000000c   Code   RO          601    i.LL_SetSystemCoreClock  stm32f4xx_ll_utils.o
    0x080003a0   0x080003a0   0x000000c8   Code   RO          387    i.LL_TIM_Init       stm32f4xx_ll_tim.o
    0x08000468   0x08000468   0x000001c8   Code   RO          388    i.LL_TIM_OC_Init    stm32f4xx_ll_tim.o
    0x08000630   0x08000630   0x0000001e   Code   RO          602    i.LL_mDelay         stm32f4xx_ll_utils.o
    0x0800064e   0x0800064e   0x00000002   PAD
    0x08000650   0x08000650   0x00000040   Code   RO          122    i.MX_GPIO_Init      gpio.o
    0x08000690   0x08000690   0x00000110   Code   RO          202    i.MX_TIM14_Init     tim.o
    0x080007a0   0x080007a0   0x00000002   Code   RO          241    i.MemManage_Handler  stm32f4xx_it.o
    0x080007a2   0x080007a2   0x00000002   Code   RO          242    i.NMI_Handler       stm32f4xx_it.o
    0x080007a4   0x080007a4   0x00000002   Code   RO          243    i.PendSV_Handler    stm32f4xx_it.o
    0x080007a6   0x080007a6   0x00000002   Code   RO          244    i.SVC_Handler       stm32f4xx_it.o
    0x080007a8   0x080007a8   0x00000002   Code   RO          245    i.SysTick_Handler   stm32f4xx_it.o
    0x080007aa   0x080007aa   0x00000002   PAD
    0x080007ac   0x080007ac   0x000000d4   Code   RO           14    i.SystemClock_Config  main.o
    0x08000880   0x08000880   0x0000001c   Code   RO          719    i.SystemInit        system_stm32f4xx.o
    0x0800089c   0x0800089c   0x00000002   Code   RO          246    i.TIM8_TRG_COM_TIM14_IRQHandler  stm32f4xx_it.o
    0x0800089e   0x0800089e   0x00000002   Code   RO          247    i.UsageFault_Handler  stm32f4xx_it.o
    0x080008a0   0x080008a0   0x0000000e   Code   RO          776    i.__scatterload_copy  mc_w.l(handlers.o)
    0x080008ae   0x080008ae   0x00000002   Code   RO          777    i.__scatterload_null  mc_w.l(handlers.o)
    0x080008b0   0x080008b0   0x0000000e   Code   RO          778    i.__scatterload_zeroinit  mc_w.l(handlers.o)
    0x080008be   0x080008be   0x00000002   PAD
    0x080008c0   0x080008c0   0x000000a0   Code   RO           15    i.main              main.o
    0x08000960   0x08000960   0x0000000e   Data   RO          203    .constdata          tim.o
    0x0800096e   0x0800096e   0x00000002   PAD
    0x08000970   0x08000970   0x00000020   Data   RO          774    Region$$Table       anon$$obj.o


    Execution Region RW_IRAM1 (Exec base: 0x20000000, Load base: 0x08000990, Size: 0x00000410, Max: 0x00020000, ABSOLUTE)

    Exec Addr    Load Addr    Size         Type   Attr      Idx    E Section Name        Object

    0x20000000   0x08000990   0x00000008   Data   RW           16    .data               main.o
    0x20000008   0x08000998   0x00000004   Data   RW          722    .data               system_stm32f4xx.o
    0x2000000c   0x0800099c   0x00000004   PAD
    0x20000010        -       0x00000400   Zero   RW            1    STACK               startup_stm32f407xx.o


==============================================================================

Image component sizes


      Code (inc. data)   RO Data    RW Data    ZI Data      Debug   Object Name

        88         12          0          0          0      10947   gpio.o
       372         40          0          8          0     668430   main.o
        36          8        392          0       1024        848   startup_stm32f407xx.o
        20          0          0          0          0       4686   stm32f4xx_it.o
       336          0          0          0          0       7223   stm32f4xx_ll_gpio.o
       656         54          0          0          0      32863   stm32f4xx_ll_tim.o
        68          6          0          0          0       9357   stm32f4xx_ll_utils.o
        28          6          0          4          0       1167   system_stm32f4xx.o
       272         24         14          0          0      62515   tim.o

    ----------------------------------------------------------------------
      1884        150        440         12       1028     798036   Object Totals
         0          0         32          0          0          0   (incl. Generated)
         8          0          2          0          4          0   (incl. Padding)

    ----------------------------------------------------------------------

      Code (inc. data)   RO Data    RW Data    ZI Data      Debug   Library Member Name

         0          0          0          0          0          0   entry.o
         0          0          0          0          0          0   entry10a.o
         0          0          0          0          0          0   entry11a.o
         8          4          0          0          0          0   entry2.o
         4          0          0          0          0          0   entry5.o
         0          0          0          0          0          0   entry7b.o
         0          0          0          0          0          0   entry8b.o
         8          4          0          0          0          0   entry9a.o
        30          0          0          0          0          0   handlers.o
        36          8          0          0          0         68   init.o
        36          0          0          0          0        108   memseta.o

    ----------------------------------------------------------------------
       124         16          0          0          0        176   Library Totals
         2          0          0          0          0          0   (incl. Padding)

    ----------------------------------------------------------------------

      Code (inc. data)   RO Data    RW Data    ZI Data      Debug   Library Name

       122         16          0          0          0        176   mc_w.l

    ----------------------------------------------------------------------
       124         16          0          0          0        176   Library Totals

    ----------------------------------------------------------------------

==============================================================================


      Code (inc. data)   RO Data    RW Data    ZI Data      Debug   

      2008        166        440         12       1028     796716   Grand Totals
      2008        166        440         12       1028     796716   ELF Image Totals
      2008        166        440         12          0          0   ROM Totals

==============================================================================

    Total RO  Size (Code + RO Data)                 2448 (   2.39kB)
    Total RW  Size (RW Data + ZI Data)              1040 (   1.02kB)
    Total ROM Size (Code + RO Data + RW Data)       2460 (   2.40kB)

==============================================================================

